// Jest Snapshot v1, https://goo.gl/fbAQLP

exports[`HamburgerMenu component should render correctly 1`] = `
Object {
  "asFragment": [Function],
  "baseElement": <body>
    <div>
      <div
        class="hamburger-menu "
        data-testid="hamburger-menu"
      >
        <button
          aria-label="hamburger button"
          class="hamburger-btn "
          type="button"
        >
          <span
            class="hamburger-btn__icon"
          >
             
          </span>
        </button>
        <div
          class="hamburger-menu__background"
        >
           
        </div>
        <nav
          class="hamburger-menu__nav"
        >
          <ul
            class="hamburger-menu__nav-list"
          >
            <li>
              <a
                class="hamburger-menu__link"
                href="/"
              >
                <span>
                  01
                </span>
                home
              </a>
            </li>
            <li>
              <a
                class="hamburger-menu__link"
                href="https://github.com/gvgesanto2/microverse-soccer-players"
                rel="noopener noreferrer"
                target="__blank"
              >
                <span>
                  02
                </span>
                source code
              </a>
            </li>
          </ul>
        </nav>
      </div>
    </div>
  </body>,
  "container": <div>
    <div
      class="hamburger-menu "
      data-testid="hamburger-menu"
    >
      <button
        aria-label="hamburger button"
        class="hamburger-btn "
        type="button"
      >
        <span
          class="hamburger-btn__icon"
        >
           
        </span>
      </button>
      <div
        class="hamburger-menu__background"
      >
         
      </div>
      <nav
        class="hamburger-menu__nav"
      >
        <ul
          class="hamburger-menu__nav-list"
        >
          <li>
            <a
              class="hamburger-menu__link"
              href="/"
            >
              <span>
                01
              </span>
              home
            </a>
          </li>
          <li>
            <a
              class="hamburger-menu__link"
              href="https://github.com/gvgesanto2/microverse-soccer-players"
              rel="noopener noreferrer"
              target="__blank"
            >
              <span>
                02
              </span>
              source code
            </a>
          </li>
        </ul>
      </nav>
    </div>
  </div>,
  "debug": [Function],
  "findAllByAltText": [Function],
  "findAllByDisplayValue": [Function],
  "findAllByLabelText": [Function],
  "findAllByPlaceholderText": [Function],
  "findAllByRole": [Function],
  "findAllByTestId": [Function],
  "findAllByText": [Function],
  "findAllByTitle": [Function],
  "findByAltText": [Function],
  "findByDisplayValue": [Function],
  "findByLabelText": [Function],
  "findByPlaceholderText": [Function],
  "findByRole": [Function],
  "findByTestId": [Function],
  "findByText": [Function],
  "findByTitle": [Function],
  "getAllByAltText": [Function],
  "getAllByDisplayValue": [Function],
  "getAllByLabelText": [Function],
  "getAllByPlaceholderText": [Function],
  "getAllByRole": [Function],
  "getAllByTestId": [Function],
  "getAllByText": [Function],
  "getAllByTitle": [Function],
  "getByAltText": [Function],
  "getByDisplayValue": [Function],
  "getByLabelText": [Function],
  "getByPlaceholderText": [Function],
  "getByRole": [Function],
  "getByTestId": [Function],
  "getByText": [Function],
  "getByTitle": [Function],
  "queryAllByAltText": [Function],
  "queryAllByDisplayValue": [Function],
  "queryAllByLabelText": [Function],
  "queryAllByPlaceholderText": [Function],
  "queryAllByRole": [Function],
  "queryAllByTestId": [Function],
  "queryAllByText": [Function],
  "queryAllByTitle": [Function],
  "queryByAltText": [Function],
  "queryByDisplayValue": [Function],
  "queryByLabelText": [Function],
  "queryByPlaceholderText": [Function],
  "queryByRole": [Function],
  "queryByTestId": [Function],
  "queryByText": [Function],
  "queryByTitle": [Function],
  "rerender": [Function],
  "unmount": [Function],
}
`;
